2026-01-10 18:55:14,048 - __main__ - INFO - ============================================================
2026-01-10 18:55:14,050 - __main__ - INFO - Initializing drone detection system...
2026-01-10 18:55:14,050 - state - INFO - parameters loaded from c:\Users\qly24\OneDrive\BUAA\Term7(2025AUT)\Lab-Workspace-2025AUT\Drone-Spectrums-Detection\Software\parameters.json
2026-01-10 18:55:14,050 - __main__ - INFO - System state initialized
2026-01-10 18:55:14,051 - __main__ - INFO - Communication layer ready
2026-01-10 18:55:14,061 - __main__ - INFO - Data processor ready
2026-01-10 18:55:14,062 - algorithms - INFO - successfully loads 7 classes: ['Noise', 'WiFi', 'Bluetooth', 'Video-transmission signal', 'Flight-control signal', 'Fast-hopping', 'Flight-control pattern']
2026-01-10 18:55:14,062 - scanning_controller - INFO - Window parameters calculated: size=512, step=256, total_windows=39
2026-01-10 18:55:14,062 - scanning_controller - INFO - Control signal class ID set to: 4
2026-01-10 18:55:14,206 - algorithms - INFO - 正在加载Openvino模型: c:\Users\qly24\OneDrive\BUAA\Term7(2025AUT)\Lab-Workspace-2025AUT\Drone-Spectrums-Detection\Software\best_openvino_model
2026-01-10 18:55:14,209 - algorithms - INFO - ✓ OpenVINO模型加载成功（GPU推理）
2026-01-10 18:55:14,209 - algorithms - INFO - 🔥 Warming up the model...
2026-01-10 18:55:14,724 - algorithms - INFO - ✓ Model warmup completed
2026-01-10 18:55:14,724 - __main__ - INFO - Detector ready
2026-01-10 18:55:16,878 - __main__ - INFO - UI ready
2026-01-10 18:55:16,880 - __main__ - INFO - Signal wiring complete
2026-01-10 18:55:16,880 - __main__ - INFO - System initialization complete
2026-01-10 18:55:16,880 - __main__ - INFO - ============================================================
2026-01-10 18:55:16,880 - __main__ - INFO - Launching UI...
2026-01-10 18:55:28,939 - UI.waterfall.config_interface - INFO - Connection toggle changed: True
2026-01-10 18:55:28,940 - __main__ - INFO - Received connect request...
2026-01-10 18:55:28,941 - communication - INFO - 接收线程启动
2026-01-10 18:55:28,942 - state - INFO - connection status changed: True
2026-01-10 18:55:28,942 - communication - INFO - Connected to 127.0.0.1:5000
2026-01-10 18:55:28,942 - __main__ - INFO - Device connected
2026-01-10 18:55:28,943 - communication - INFO - ✓ 发送命令: SET_FFT_LENGTH(code=0x01) = 512
2026-01-10 18:55:28,943 - data_process - INFO - Data processing thread started
2026-01-10 18:55:28,944 - data_process - INFO - Image conversion thread started
2026-01-10 18:55:28,944 - __main__ - INFO - Data processing thread started
2026-01-10 18:55:28,944 - algorithms - INFO - 检测循环开始运行...
2026-01-10 18:55:28,944 - algorithms - INFO - ✓ 检测线程已启动 - 推理模式: OpenVINO (GPU)
2026-01-10 18:55:28,944 - __main__ - INFO - Detection thread started
2026-01-10 18:55:28,945 - __main__ - INFO - Waterfall visualization started
2026-01-10 18:55:28,945 - __main__ - INFO - Spectrum visualization started
2026-01-10 18:55:30,624 - __main__ - INFO - Handling parameter update: Data_Process.enable_noise_filter = True
2026-01-10 18:55:30,624 - state - INFO - parameter updated: Data_Process.enable_noise_filter = True (old False)
2026-01-10 18:55:30,626 - state - INFO - parameters saved to c:\Users\qly24\OneDrive\BUAA\Term7(2025AUT)\Lab-Workspace-2025AUT\Drone-Spectrums-Detection\Software\parameters.json
2026-01-10 18:55:30,626 - UI.waterfall.config_interface - INFO - UI display refreshed: Data_Process.enable_noise_filter = True
2026-01-10 18:55:30,626 - __main__ - ERROR - Parameter update failed: DataProcessor.set_noise_filter_parameters() got an unexpected keyword argument 'enable_noise_filter'
Traceback (most recent call last):
  File "c:\Users\qly24\OneDrive\BUAA\Term7(2025AUT)\Lab-Workspace-2025AUT\Drone-Spectrums-Detection\Software\main.py", line 110, in handle_parameter_change_request
    self.data_processor.set_noise_filter_parameters(
TypeError: DataProcessor.set_noise_filter_parameters() got an unexpected keyword argument 'enable_noise_filter'
2026-01-10 18:55:30,627 - UI.waterfall.config_interface - INFO - Request parameter update: Data_Process.enable_noise_filter = True (type: bool)
2026-01-10 18:55:32,629 - UI.waterfall.config_interface - INFO - Connection toggle changed: False
2026-01-10 18:55:32,630 - __main__ - INFO - Received disconnect request...
2026-01-10 18:55:32,630 - __main__ - INFO - Disconnecting device...
2026-01-10 18:55:32,635 - algorithms - INFO - 检测循环已退出
2026-01-10 18:55:32,635 - algorithms - INFO - 检测线程已停止
2026-01-10 18:55:32,674 - data_process - INFO - Data processing and image conversion threads stopped
2026-01-10 18:55:32,675 - state - INFO - connection status changed: False
2026-01-10 18:55:32,675 - communication - INFO - 接收线程已退出
2026-01-10 18:55:32,675 - communication - INFO - Disconnected from slave device
2026-01-10 18:55:32,675 - __main__ - INFO - Device disconnected
2026-01-10 18:58:37,739 - __main__ - INFO - Cleaning up system resources...
2026-01-10 18:58:37,740 - __main__ - INFO - Disconnecting device...
2026-01-10 18:58:37,740 - algorithms - INFO - 检测线程已停止
2026-01-10 18:58:37,741 - data_process - INFO - Data processing and image conversion threads stopped
2026-01-10 18:58:37,741 - communication - INFO - Disconnected from slave device
2026-01-10 18:58:37,741 - __main__ - INFO - Device disconnected
2026-01-10 18:58:37,741 - __main__ - INFO - System shutdown complete
2026-01-10 18:58:44,239 - __main__ - INFO - ============================================================
2026-01-10 18:58:44,239 - __main__ - INFO - Initializing drone detection system...
2026-01-10 18:58:44,239 - state - INFO - parameters loaded from c:\Users\qly24\OneDrive\BUAA\Term7(2025AUT)\Lab-Workspace-2025AUT\Drone-Spectrums-Detection\Software\parameters.json
2026-01-10 18:58:44,239 - __main__ - INFO - System state initialized
2026-01-10 18:58:44,239 - __main__ - INFO - Communication layer ready
2026-01-10 18:58:44,249 - __main__ - INFO - Data processor ready
2026-01-10 18:58:44,249 - algorithms - INFO - successfully loads 7 classes: ['Noise', 'WiFi', 'Bluetooth', 'Video-transmission signal', 'Flight-control signal', 'Fast-hopping', 'Flight-control pattern']
2026-01-10 18:58:44,249 - scanning_controller - INFO - Window parameters calculated: size=512, step=256, total_windows=39
2026-01-10 18:58:44,257 - scanning_controller - INFO - Control signal class ID set to: 4
2026-01-10 18:58:44,403 - algorithms - INFO - 正在加载Openvino模型: c:\Users\qly24\OneDrive\BUAA\Term7(2025AUT)\Lab-Workspace-2025AUT\Drone-Spectrums-Detection\Software\best_openvino_model
2026-01-10 18:58:44,407 - algorithms - INFO - ✓ OpenVINO模型加载成功（GPU推理）
2026-01-10 18:58:44,408 - algorithms - INFO - 🔥 Warming up the model...
2026-01-10 18:58:44,750 - algorithms - INFO - ✓ Model warmup completed
2026-01-10 18:58:44,750 - __main__ - INFO - Detector ready
2026-01-10 18:58:46,889 - __main__ - INFO - UI ready
2026-01-10 18:58:46,890 - __main__ - INFO - Signal wiring complete
2026-01-10 18:58:46,890 - __main__ - INFO - System initialization complete
2026-01-10 18:58:46,891 - __main__ - INFO - ============================================================
2026-01-10 18:58:46,891 - __main__ - INFO - Launching UI...
2026-01-10 18:58:54,965 - UI.waterfall.config_interface - INFO - Connection toggle changed: True
2026-01-10 18:58:54,966 - __main__ - INFO - Received connect request...
2026-01-10 18:58:54,966 - communication - INFO - 接收线程启动
2026-01-10 18:58:54,967 - state - INFO - connection status changed: True
2026-01-10 18:58:54,967 - communication - INFO - Connected to 127.0.0.1:5000
2026-01-10 18:58:54,968 - __main__ - INFO - Device connected
2026-01-10 18:58:54,968 - communication - INFO - ✓ 发送命令: SET_FFT_LENGTH(code=0x01) = 512
2026-01-10 18:58:54,969 - data_process - INFO - Data processing thread started
2026-01-10 18:58:54,969 - data_process - INFO - Image conversion thread started
2026-01-10 18:58:54,971 - __main__ - INFO - Data processing thread started
2026-01-10 18:58:54,972 - algorithms - INFO - 检测循环开始运行...
2026-01-10 18:58:54,972 - algorithms - INFO - ✓ 检测线程已启动 - 推理模式: OpenVINO (GPU)
2026-01-10 18:58:54,972 - __main__ - INFO - Detection thread started
2026-01-10 18:58:54,973 - __main__ - INFO - Waterfall visualization started
2026-01-10 18:58:54,974 - __main__ - INFO - Spectrum visualization started
2026-01-10 18:58:58,462 - __main__ - INFO - Handling parameter update: Data_Process.enable_noise_filter = False
2026-01-10 18:58:58,463 - state - INFO - parameter updated: Data_Process.enable_noise_filter = False (old True)
2026-01-10 18:58:58,463 - state - INFO - parameters saved to c:\Users\qly24\OneDrive\BUAA\Term7(2025AUT)\Lab-Workspace-2025AUT\Drone-Spectrums-Detection\Software\parameters.json
2026-01-10 18:58:58,464 - UI.waterfall.config_interface - INFO - UI display refreshed: Data_Process.enable_noise_filter = False
2026-01-10 18:58:58,464 - data_process - INFO - Noise Filter Set: enabled=False, mode=subtraction, alpha=0.05
2026-01-10 18:58:58,466 - __main__ - INFO - Parameter update handled
2026-01-10 18:58:58,468 - data_process - ERROR - Data processing error: unsupported operand type(s) for *: 'float' and 'NoneType'
Traceback (most recent call last):
  File "c:\Users\qly24\OneDrive\BUAA\Term7(2025AUT)\Lab-Workspace-2025AUT\Drone-Spectrums-Detection\Software\data_process.py", line 148, in _process_loop
    self.noise_floor = (1 - alpha_vec) * self.noise_floor + alpha_vec * fft_data
TypeError: unsupported operand type(s) for *: 'float' and 'NoneType'
2026-01-10 18:58:58,468 - UI.waterfall.config_interface - INFO - Request parameter update: Data_Process.enable_noise_filter = False (type: bool)
2026-01-10 18:59:02,455 - UI.waterfall.config_interface - INFO - Connection toggle changed: False
2026-01-10 18:59:02,457 - __main__ - INFO - Received disconnect request...
2026-01-10 18:59:02,458 - __main__ - INFO - Disconnecting device...
2026-01-10 18:59:02,461 - algorithms - INFO - 检测循环已退出
2026-01-10 18:59:02,461 - algorithms - INFO - 检测线程已停止
2026-01-10 18:59:02,479 - data_process - INFO - Data processing and image conversion threads stopped
2026-01-10 18:59:02,480 - state - INFO - connection status changed: False
2026-01-10 18:59:02,480 - communication - INFO - 接收线程已退出
2026-01-10 18:59:02,481 - communication - INFO - Disconnected from slave device
2026-01-10 18:59:02,481 - __main__ - INFO - Device disconnected
2026-01-10 19:00:40,257 - UI.waterfall.config_interface - INFO - Connection toggle changed: True
2026-01-10 19:00:40,257 - __main__ - INFO - Received connect request...
2026-01-10 19:00:40,259 - communication - INFO - 接收线程启动
2026-01-10 19:00:40,259 - state - INFO - connection status changed: True
2026-01-10 19:00:40,259 - communication - INFO - Connected to 127.0.0.1:5000
2026-01-10 19:00:40,260 - __main__ - INFO - Device connected
2026-01-10 19:00:40,261 - communication - INFO - ✓ 发送命令: SET_FFT_LENGTH(code=0x01) = 512
2026-01-10 19:00:40,263 - data_process - INFO - Data processing thread started
2026-01-10 19:00:40,264 - data_process - INFO - Image conversion thread started
2026-01-10 19:00:40,264 - __main__ - INFO - Data processing thread started
2026-01-10 19:00:40,265 - algorithms - INFO - 检测循环开始运行...
2026-01-10 19:00:40,265 - algorithms - INFO - ✓ 检测线程已启动 - 推理模式: OpenVINO (GPU)
2026-01-10 19:00:40,266 - __main__ - INFO - Detection thread started
2026-01-10 19:00:40,266 - __main__ - INFO - Waterfall visualization started
2026-01-10 19:00:40,273 - __main__ - INFO - Spectrum visualization started
2026-01-10 19:00:42,938 - __main__ - INFO - Handling parameter update: Data_Process.enable_noise_filter = True
2026-01-10 19:00:42,939 - state - INFO - parameter updated: Data_Process.enable_noise_filter = True (old False)
2026-01-10 19:00:42,940 - state - INFO - parameters saved to c:\Users\qly24\OneDrive\BUAA\Term7(2025AUT)\Lab-Workspace-2025AUT\Drone-Spectrums-Detection\Software\parameters.json
2026-01-10 19:00:42,941 - UI.waterfall.config_interface - INFO - UI display refreshed: Data_Process.enable_noise_filter = True
2026-01-10 19:00:42,941 - data_process - INFO - Noise Filter Set: enabled=True, mode=subtraction, alpha=0.05
2026-01-10 19:00:42,942 - __main__ - INFO - Parameter update handled
2026-01-10 19:00:42,942 - UI.waterfall.config_interface - INFO - Request parameter update: Data_Process.enable_noise_filter = True (type: bool)
2026-01-10 19:00:48,714 - __main__ - INFO - Handling parameter update: Data_Process.enable_noise_filter = False
2026-01-10 19:00:48,715 - state - INFO - parameter updated: Data_Process.enable_noise_filter = False (old True)
2026-01-10 19:00:48,724 - state - INFO - parameters saved to c:\Users\qly24\OneDrive\BUAA\Term7(2025AUT)\Lab-Workspace-2025AUT\Drone-Spectrums-Detection\Software\parameters.json
2026-01-10 19:00:48,726 - UI.waterfall.config_interface - INFO - UI display refreshed: Data_Process.enable_noise_filter = False
2026-01-10 19:00:48,727 - data_process - INFO - Noise Filter Set: enabled=False, mode=subtraction, alpha=0.05
2026-01-10 19:00:48,727 - __main__ - INFO - Parameter update handled
2026-01-10 19:00:48,727 - UI.waterfall.config_interface - INFO - Request parameter update: Data_Process.enable_noise_filter = False (type: bool)
2026-01-10 19:00:56,528 - __main__ - INFO - Handling parameter update: Data_Process.enable_noise_filter = True
2026-01-10 19:00:56,529 - state - INFO - parameter updated: Data_Process.enable_noise_filter = True (old False)
2026-01-10 19:00:56,531 - state - INFO - parameters saved to c:\Users\qly24\OneDrive\BUAA\Term7(2025AUT)\Lab-Workspace-2025AUT\Drone-Spectrums-Detection\Software\parameters.json
2026-01-10 19:00:56,532 - UI.waterfall.config_interface - INFO - UI display refreshed: Data_Process.enable_noise_filter = True
2026-01-10 19:00:56,532 - data_process - INFO - Noise Filter Set: enabled=True, mode=subtraction, alpha=0.05
2026-01-10 19:00:56,535 - __main__ - INFO - Parameter update handled
2026-01-10 19:00:56,535 - UI.waterfall.config_interface - INFO - Request parameter update: Data_Process.enable_noise_filter = True (type: bool)
2026-01-10 19:01:03,323 - __main__ - INFO - Handling parameter update: Data_Process.noise_filter_mode = threshold
2026-01-10 19:01:03,324 - state - INFO - parameter updated: Data_Process.noise_filter_mode = threshold (old subtraction)
2026-01-10 19:01:03,326 - state - INFO - parameters saved to c:\Users\qly24\OneDrive\BUAA\Term7(2025AUT)\Lab-Workspace-2025AUT\Drone-Spectrums-Detection\Software\parameters.json
2026-01-10 19:01:03,327 - UI.waterfall.config_interface - INFO - UI display refreshed: Data_Process.noise_filter_mode = threshold
2026-01-10 19:01:03,327 - data_process - INFO - Noise Filter Set: enabled=True, mode=threshold, alpha=0.05
2026-01-10 19:01:03,328 - __main__ - INFO - Parameter update handled
2026-01-10 19:01:03,328 - UI.waterfall.config_interface - INFO - Request parameter update: Data_Process.noise_filter_mode = threshold (type: str)
2026-01-10 19:01:17,510 - __main__ - INFO - Handling parameter update: Data_Process.noise_filter_mode = subtraction
2026-01-10 19:01:17,510 - state - INFO - parameter updated: Data_Process.noise_filter_mode = subtraction (old threshold)
2026-01-10 19:01:17,513 - state - INFO - parameters saved to c:\Users\qly24\OneDrive\BUAA\Term7(2025AUT)\Lab-Workspace-2025AUT\Drone-Spectrums-Detection\Software\parameters.json
2026-01-10 19:01:17,513 - UI.waterfall.config_interface - INFO - UI display refreshed: Data_Process.noise_filter_mode = subtraction
2026-01-10 19:01:17,513 - data_process - INFO - Noise Filter Set: enabled=True, mode=subtraction, alpha=0.05
2026-01-10 19:01:17,514 - __main__ - INFO - Parameter update handled
2026-01-10 19:01:17,514 - UI.waterfall.config_interface - INFO - Request parameter update: Data_Process.noise_filter_mode = subtraction (type: str)
2026-01-10 19:01:27,741 - __main__ - INFO - Handling parameter update: Data_Process.enable_noise_filter = False
2026-01-10 19:01:27,742 - state - INFO - parameter updated: Data_Process.enable_noise_filter = False (old True)
2026-01-10 19:01:27,744 - state - INFO - parameters saved to c:\Users\qly24\OneDrive\BUAA\Term7(2025AUT)\Lab-Workspace-2025AUT\Drone-Spectrums-Detection\Software\parameters.json
2026-01-10 19:01:27,744 - UI.waterfall.config_interface - INFO - UI display refreshed: Data_Process.enable_noise_filter = False
2026-01-10 19:01:27,745 - data_process - INFO - Noise Filter Set: enabled=False, mode=subtraction, alpha=0.05
2026-01-10 19:01:27,745 - __main__ - INFO - Parameter update handled
2026-01-10 19:01:27,745 - UI.waterfall.config_interface - INFO - Request parameter update: Data_Process.enable_noise_filter = False (type: bool)
2026-01-10 19:01:39,190 - __main__ - INFO - Handling parameter update: Data_Process.enable_noise_filter = True
2026-01-10 19:01:39,190 - state - INFO - parameter updated: Data_Process.enable_noise_filter = True (old False)
2026-01-10 19:01:39,192 - state - INFO - parameters saved to c:\Users\qly24\OneDrive\BUAA\Term7(2025AUT)\Lab-Workspace-2025AUT\Drone-Spectrums-Detection\Software\parameters.json
2026-01-10 19:01:39,193 - UI.waterfall.config_interface - INFO - UI display refreshed: Data_Process.enable_noise_filter = True
2026-01-10 19:01:39,193 - data_process - INFO - Noise Filter Set: enabled=True, mode=subtraction, alpha=0.05
2026-01-10 19:01:39,193 - __main__ - INFO - Parameter update handled
2026-01-10 19:01:39,194 - UI.waterfall.config_interface - INFO - Request parameter update: Data_Process.enable_noise_filter = True (type: bool)
2026-01-10 19:01:51,205 - __main__ - INFO - Handling parameter update: Data_Process.noise_alpha = 0.9
2026-01-10 19:01:51,206 - state - INFO - parameter updated: Data_Process.noise_alpha = 0.9 (old 0.05)
2026-01-10 19:01:51,208 - state - INFO - parameters saved to c:\Users\qly24\OneDrive\BUAA\Term7(2025AUT)\Lab-Workspace-2025AUT\Drone-Spectrums-Detection\Software\parameters.json
2026-01-10 19:01:51,209 - UI.waterfall.config_interface - INFO - UI display refreshed: Data_Process.noise_alpha = 0.9
2026-01-10 19:01:51,210 - data_process - INFO - Noise Filter Set: enabled=True, mode=subtraction, alpha=0.9
2026-01-10 19:01:51,210 - __main__ - INFO - Parameter update handled
2026-01-10 19:01:51,210 - UI.waterfall.config_interface - INFO - Request parameter update: Data_Process.noise_alpha = 0.9 (type: float)
2026-01-10 19:01:56,833 - __main__ - INFO - Handling parameter update: Data_Process.noise_alpha = 0.1
2026-01-10 19:01:56,834 - state - INFO - parameter updated: Data_Process.noise_alpha = 0.1 (old 0.9)
2026-01-10 19:01:56,836 - state - INFO - parameters saved to c:\Users\qly24\OneDrive\BUAA\Term7(2025AUT)\Lab-Workspace-2025AUT\Drone-Spectrums-Detection\Software\parameters.json
2026-01-10 19:01:56,837 - UI.waterfall.config_interface - INFO - UI display refreshed: Data_Process.noise_alpha = 0.1
2026-01-10 19:01:56,838 - data_process - INFO - Noise Filter Set: enabled=True, mode=subtraction, alpha=0.1
2026-01-10 19:01:56,838 - __main__ - INFO - Parameter update handled
2026-01-10 19:01:56,838 - UI.waterfall.config_interface - INFO - Request parameter update: Data_Process.noise_alpha = 0.1 (type: float)
2026-01-10 19:02:05,423 - __main__ - INFO - Handling parameter update: Data_Process.noise_alpha = 0.03
2026-01-10 19:02:05,424 - state - INFO - parameter updated: Data_Process.noise_alpha = 0.03 (old 0.1)
2026-01-10 19:02:05,425 - state - INFO - parameters saved to c:\Users\qly24\OneDrive\BUAA\Term7(2025AUT)\Lab-Workspace-2025AUT\Drone-Spectrums-Detection\Software\parameters.json
2026-01-10 19:02:05,426 - UI.waterfall.config_interface - INFO - UI display refreshed: Data_Process.noise_alpha = 0.03
2026-01-10 19:02:05,426 - data_process - INFO - Noise Filter Set: enabled=True, mode=subtraction, alpha=0.03
2026-01-10 19:02:05,426 - __main__ - INFO - Parameter update handled
2026-01-10 19:02:05,427 - UI.waterfall.config_interface - INFO - Request parameter update: Data_Process.noise_alpha = 0.03 (type: float)
2026-01-10 19:02:13,130 - __main__ - INFO - Handling parameter update: Data_Process.noise_filter_mode = threshold
2026-01-10 19:02:13,131 - state - INFO - parameter updated: Data_Process.noise_filter_mode = threshold (old subtraction)
2026-01-10 19:02:13,134 - state - INFO - parameters saved to c:\Users\qly24\OneDrive\BUAA\Term7(2025AUT)\Lab-Workspace-2025AUT\Drone-Spectrums-Detection\Software\parameters.json
2026-01-10 19:02:13,134 - UI.waterfall.config_interface - INFO - UI display refreshed: Data_Process.noise_filter_mode = threshold
2026-01-10 19:02:13,135 - data_process - INFO - Noise Filter Set: enabled=True, mode=threshold, alpha=0.03
2026-01-10 19:02:13,135 - __main__ - INFO - Parameter update handled
2026-01-10 19:02:13,136 - UI.waterfall.config_interface - INFO - Request parameter update: Data_Process.noise_filter_mode = threshold (type: str)
2026-01-10 19:02:17,024 - UI.waterfall.config_interface - INFO - Connection toggle changed: False
2026-01-10 19:02:17,025 - __main__ - INFO - Received disconnect request...
2026-01-10 19:02:17,026 - __main__ - INFO - Disconnecting device...
2026-01-10 19:02:17,045 - algorithms - INFO - 检测循环已退出
2026-01-10 19:02:17,045 - algorithms - INFO - 检测线程已停止
2026-01-10 19:02:17,078 - data_process - INFO - Data processing and image conversion threads stopped
2026-01-10 19:02:17,078 - state - INFO - connection status changed: False
2026-01-10 19:02:17,079 - communication - INFO - 接收线程已退出
2026-01-10 19:02:17,079 - communication - INFO - Disconnected from slave device
2026-01-10 19:02:17,079 - __main__ - INFO - Device disconnected
2026-01-10 19:02:20,326 - __main__ - INFO - Cleaning up system resources...
2026-01-10 19:02:20,327 - __main__ - INFO - Disconnecting device...
2026-01-10 19:02:20,327 - algorithms - INFO - 检测线程已停止
2026-01-10 19:02:20,327 - data_process - INFO - Data processing and image conversion threads stopped
2026-01-10 19:02:20,328 - communication - INFO - Disconnected from slave device
2026-01-10 19:02:20,328 - __main__ - INFO - Device disconnected
2026-01-10 19:02:20,328 - __main__ - INFO - System shutdown complete
